nohup: ignoring input
--watch/-w can be omitted, JSON Server 1+ watches for file changes by default
JSON Server started on PORT :5000
Press CTRL-C to stop
Watching db.json...

( ˶ˆ ᗜ ˆ˵ )

Index:
http://localhost:5000/

Static files:
Serving ./public directory if it exists

Endpoints:
http://0.0.0.0:5000/users
http://0.0.0.0:5000/pendingUsers
SyntaxError: Unexpected number in JSON at position 1
    at JSON.parse (<anonymous>)
    at file:///usr/local/lib/node_modules/json-server/node_modules/milliparsec/dist/index.js:52:56
    at IncomingMessage.<anonymous> (file:///usr/local/lib/node_modules/json-server/node_modules/milliparsec/dist/index.js:23:21)
    at IncomingMessage.emit (node:events:517:28)
    at endReadableNT (node:internal/streams/readable:1400:12)
    at process.processTicksAndRejections (node:internal/process/task_queues:82:21)
